

================================================================
== Vitis HLS Report for 'D_CNN_Pipeline_VITIS_LOOP_26_1_VITIS_LOOP_27_2_VITIS_LOOP_28_3'
================================================================
* Date:           Wed Apr 15 01:46:11 2026

* Version:        2022.2 (Build 3670227 on Oct 13 2022)
* Project:        ProjectOne
* Solution:       solution1 (Vivado IP Flow Target)
* Product family: zynquplus
* Target device:  xck26-sfvc784-2LV-c


================================================================
== Performance Estimates
================================================================
+ Timing: 
    * Summary: 
    +--------+----------+----------+------------+
    |  Clock |  Target  | Estimated| Uncertainty|
    +--------+----------+----------+------------+
    |ap_clk  |  10.00 ns|  4.003 ns|     2.70 ns|
    +--------+----------+----------+------------+

+ Latency: 
    * Summary: 
    +---------+---------+-----------+-----------+------+------+---------+
    |  Latency (cycles) |   Latency (absolute)  |   Interval  | Pipeline|
    |   min   |   max   |    min    |    max    |  min |  max |   Type  |
    +---------+---------+-----------+-----------+------+------+---------+
    |     6277|     6277|  62.770 us|  62.770 us|  6277|  6277|       no|
    +---------+---------+-----------+-----------+------+------+---------+

    + Detail: 
        * Instance: 
        N/A

        * Loop: 
        +---------------------------------------------------+---------+---------+----------+-----------+-----------+------+----------+
        |                                                   |  Latency (cycles) | Iteration|  Initiation Interval  | Trip |          |
        |                     Loop Name                     |   min   |   max   |  Latency |  achieved |   target  | Count| Pipelined|
        +---------------------------------------------------+---------+---------+----------+-----------+-----------+------+----------+
        |- VITIS_LOOP_26_1_VITIS_LOOP_27_2_VITIS_LOOP_28_3  |     6275|     6275|         5|          1|          1|  6272|       yes|
        +---------------------------------------------------+---------+---------+----------+-----------+-----------+------+----------+

============================================================
+ Verbose Summary: Synthesis Manager
============================================================
InlineROM: 1
ExposeGlobal: 0
============================================================
+ Verbose Summary: CDFG Model
============================================================
IsTopModel: 0
ResetActiveHigh: 1
IsCombinational: 0
IsDatapathOnly: 0
HasWiredReturn: 1
HasMFsm: 2
HasVarLatency: 1
IsPipeline: 0
IsRtlPipelined: 0
IsInstanceOverlapped: 0
IsDontTouch: 0
HasImplIP: 0
IsGatedGlobalClock: 0

+ Individual pipeline summary: 
  * Pipeline-0: initiation interval (II) = 1, depth = 5


============================================================
+ Verbose Summary: Schedule
============================================================
* Number of FSM states : 5
* Pipeline : 1
  Pipeline-0 : II = 1, D = 5, States = { 1 2 3 4 5 }
* Dataflow Pipeline: 0

* FSM state transitions: 
1 --> 2 
2 --> 3 
3 --> 4 
4 --> 5 
5 --> 

* FSM state operations: 

State 1 <SV = 0> <Delay = 2.29>
ST_1 : Operation 8 [1/1] (0.00ns)   --->   "%x = alloca i32 1"   --->   Operation 8 'alloca' 'x' <Predicate = true> <Delay = 0.00>
ST_1 : Operation 9 [1/1] (0.00ns)   --->   "%y = alloca i32 1"   --->   Operation 9 'alloca' 'y' <Predicate = true> <Delay = 0.00>
ST_1 : Operation 10 [1/1] (0.00ns)   --->   "%indvar_flatten327 = alloca i32 1"   --->   Operation 10 'alloca' 'indvar_flatten327' <Predicate = true> <Delay = 0.00>
ST_1 : Operation 11 [1/1] (0.00ns)   --->   "%c_1 = alloca i32 1"   --->   Operation 11 'alloca' 'c_1' <Predicate = true> <Delay = 0.00>
ST_1 : Operation 12 [1/1] (0.00ns)   --->   "%indvar_flatten377 = alloca i32 1"   --->   Operation 12 'alloca' 'indvar_flatten377' <Predicate = true> <Delay = 0.00>
ST_1 : Operation 13 [1/1] (0.42ns)   --->   "%store_ln0 = store i13 0, i13 %indvar_flatten377"   --->   Operation 13 'store' 'store_ln0' <Predicate = true> <Delay = 0.42>
ST_1 : Operation 14 [1/1] (0.42ns)   --->   "%store_ln0 = store i4 0, i4 %c_1"   --->   Operation 14 'store' 'store_ln0' <Predicate = true> <Delay = 0.42>
ST_1 : Operation 15 [1/1] (0.42ns)   --->   "%store_ln0 = store i10 0, i10 %indvar_flatten327"   --->   Operation 15 'store' 'store_ln0' <Predicate = true> <Delay = 0.42>
ST_1 : Operation 16 [1/1] (0.42ns)   --->   "%store_ln0 = store i5 0, i5 %y"   --->   Operation 16 'store' 'store_ln0' <Predicate = true> <Delay = 0.42>
ST_1 : Operation 17 [1/1] (0.42ns)   --->   "%store_ln0 = store i5 0, i5 %x"   --->   Operation 17 'store' 'store_ln0' <Predicate = true> <Delay = 0.42>
ST_1 : Operation 18 [1/1] (0.00ns)   --->   "%br_ln0 = br void %for.inc.i139"   --->   Operation 18 'br' 'br_ln0' <Predicate = true> <Delay = 0.00>
ST_1 : Operation 19 [1/1] (0.00ns)   --->   "%indvar_flatten377_load = load i13 %indvar_flatten377" [pipeline/D_Pool.cpp:26]   --->   Operation 19 'load' 'indvar_flatten377_load' <Predicate = true> <Delay = 0.00>
ST_1 : Operation 20 [1/1] (1.00ns)   --->   "%icmp_ln26 = icmp_eq  i13 %indvar_flatten377_load, i13 6272" [pipeline/D_Pool.cpp:26]   --->   Operation 20 'icmp' 'icmp_ln26' <Predicate = true> <Delay = 1.00> <CoreInst = "Cmp">   --->   Core 9 'Cmp' <Latency = 0> <II = 1> <Delay = 1.00> <FuncUnit> <Opcode : 'icmp'> <InPorts = 2> <OutPorts = 1>
ST_1 : Operation 21 [1/1] (0.82ns)   --->   "%add_ln26 = add i13 %indvar_flatten377_load, i13 1" [pipeline/D_Pool.cpp:26]   --->   Operation 21 'add' 'add_ln26' <Predicate = true> <Delay = 0.82> <CoreInst = "Adder">   --->   Core 1 'Adder' <Latency = 0> <II = 1> <Delay = 0.82> <FuncUnit> <Opcode : 'add' 'sub'> <InPorts = 2> <OutPorts = 1>
ST_1 : Operation 22 [1/1] (0.00ns)   --->   "%br_ln26 = br i1 %icmp_ln26, void %for.inc21.i, void %for.body8.i155.preheader.exitStub" [pipeline/D_Pool.cpp:26]   --->   Operation 22 'br' 'br_ln26' <Predicate = true> <Delay = 0.00>
ST_1 : Operation 23 [1/1] (0.00ns)   --->   "%indvar_flatten327_load = load i10 %indvar_flatten327" [pipeline/D_Pool.cpp:27]   --->   Operation 23 'load' 'indvar_flatten327_load' <Predicate = (!icmp_ln26)> <Delay = 0.00>
ST_1 : Operation 24 [1/1] (0.00ns)   --->   "%c_1_load = load i4 %c_1" [pipeline/D_Pool.cpp:26]   --->   Operation 24 'load' 'c_1_load' <Predicate = (!icmp_ln26)> <Delay = 0.00>
ST_1 : Operation 25 [1/1] (0.91ns)   --->   "%icmp_ln27 = icmp_eq  i10 %indvar_flatten327_load, i10 784" [pipeline/D_Pool.cpp:27]   --->   Operation 25 'icmp' 'icmp_ln27' <Predicate = (!icmp_ln26)> <Delay = 0.91> <CoreInst = "Cmp">   --->   Core 9 'Cmp' <Latency = 0> <II = 1> <Delay = 0.91> <FuncUnit> <Opcode : 'icmp'> <InPorts = 2> <OutPorts = 1>
ST_1 : Operation 26 [1/1] (0.79ns)   --->   "%add_ln26_1 = add i4 %c_1_load, i4 1" [pipeline/D_Pool.cpp:26]   --->   Operation 26 'add' 'add_ln26_1' <Predicate = (!icmp_ln26)> <Delay = 0.79> <CoreInst = "Adder">   --->   Core 1 'Adder' <Latency = 0> <II = 1> <Delay = 0.79> <FuncUnit> <Opcode : 'add' 'sub'> <InPorts = 2> <OutPorts = 1>
ST_1 : Operation 27 [1/1] (0.39ns)   --->   "%p_mid2340_v_v = select i1 %icmp_ln27, i4 %add_ln26_1, i4 %c_1_load" [pipeline/D_Pool.cpp:27]   --->   Operation 27 'select' 'p_mid2340_v_v' <Predicate = (!icmp_ln26)> <Delay = 0.39> <CoreInst = "Sel">   --->   Core 73 'Sel' <Latency = 0> <II = 1> <Delay = 0.39> <FuncUnit> <Opcode : 'select'> <InPorts = 3> <OutPorts = 1>
ST_1 : Operation 28 [1/1] (0.00ns)   --->   "%p_mid2340_v = zext i4 %p_mid2340_v_v" [pipeline/D_Pool.cpp:27]   --->   Operation 28 'zext' 'p_mid2340_v' <Predicate = (!icmp_ln26)> <Delay = 0.00>
ST_1 : Operation 29 [3/3] (0.99ns) (grouped into DSP with root node add_ln29_3)   --->   "%p_mid2340 = mul i13 %p_mid2340_v, i13 784" [pipeline/D_Pool.cpp:27]   --->   Operation 29 'mul' 'p_mid2340' <Predicate = (!icmp_ln26)> <Delay = 0.99> <CoreInst = "DSP48">   --->   Core 127 'DSP48' <Latency = 3> <II = 1> <Delay = 0.53> <IPBlock> <Opcode : 'mul' 'add' 'sub' 'select'> <InPorts = 0> <OutPorts = 1> <Sync> <CReg>
ST_1 : Operation 30 [1/1] (0.00ns)   --->   "%empty_517 = trunc i4 %p_mid2340_v_v" [pipeline/D_Pool.cpp:27]   --->   Operation 30 'trunc' 'empty_517' <Predicate = (!icmp_ln26)> <Delay = 0.00>
ST_1 : Operation 31 [1/1] (0.00ns)   --->   "%p_mid2342_v = zext i3 %empty_517" [pipeline/D_Pool.cpp:27]   --->   Operation 31 'zext' 'p_mid2342_v' <Predicate = (!icmp_ln26)> <Delay = 0.00>
ST_1 : Operation 32 [3/3] (0.99ns) (grouped into DSP with root node add_ln29_2)   --->   "%p_mid2342 = mul i11 %p_mid2342_v, i11 196" [pipeline/D_Pool.cpp:27]   --->   Operation 32 'mul' 'p_mid2342' <Predicate = (!icmp_ln26)> <Delay = 0.99> <CoreInst = "DSP48">   --->   Core 127 'DSP48' <Latency = 3> <II = 1> <Delay = 0.53> <IPBlock> <Opcode : 'mul' 'add' 'sub' 'select'> <InPorts = 0> <OutPorts = 1> <Sync> <CReg>
ST_1 : Operation 33 [1/1] (0.78ns)   --->   "%add_ln27_1 = add i10 %indvar_flatten327_load, i10 1" [pipeline/D_Pool.cpp:27]   --->   Operation 33 'add' 'add_ln27_1' <Predicate = (!icmp_ln26)> <Delay = 0.78> <CoreInst = "Adder">   --->   Core 1 'Adder' <Latency = 0> <II = 1> <Delay = 0.78> <FuncUnit> <Opcode : 'add' 'sub'> <InPorts = 2> <OutPorts = 1>
ST_1 : Operation 34 [1/1] (0.40ns)   --->   "%select_ln27_4 = select i1 %icmp_ln27, i10 1, i10 %add_ln27_1" [pipeline/D_Pool.cpp:27]   --->   Operation 34 'select' 'select_ln27_4' <Predicate = (!icmp_ln26)> <Delay = 0.40> <CoreInst = "Sel">   --->   Core 73 'Sel' <Latency = 0> <II = 1> <Delay = 0.40> <FuncUnit> <Opcode : 'select'> <InPorts = 3> <OutPorts = 1>
ST_1 : Operation 35 [1/1] (0.42ns)   --->   "%store_ln28 = store i13 %add_ln26, i13 %indvar_flatten377" [pipeline/D_Pool.cpp:28]   --->   Operation 35 'store' 'store_ln28' <Predicate = (!icmp_ln26)> <Delay = 0.42>
ST_1 : Operation 36 [1/1] (0.42ns)   --->   "%store_ln28 = store i4 %p_mid2340_v_v, i4 %c_1" [pipeline/D_Pool.cpp:28]   --->   Operation 36 'store' 'store_ln28' <Predicate = (!icmp_ln26)> <Delay = 0.42>
ST_1 : Operation 37 [1/1] (0.42ns)   --->   "%store_ln28 = store i10 %select_ln27_4, i10 %indvar_flatten327" [pipeline/D_Pool.cpp:28]   --->   Operation 37 'store' 'store_ln28' <Predicate = (!icmp_ln26)> <Delay = 0.42>

State 2 <SV = 1> <Delay = 0.99>
ST_2 : Operation 38 [2/3] (0.99ns) (grouped into DSP with root node add_ln29_3)   --->   "%p_mid2340 = mul i13 %p_mid2340_v, i13 784" [pipeline/D_Pool.cpp:27]   --->   Operation 38 'mul' 'p_mid2340' <Predicate = (!icmp_ln26)> <Delay = 0.99> <CoreInst = "DSP48">   --->   Core 127 'DSP48' <Latency = 3> <II = 1> <Delay = 0.53> <IPBlock> <Opcode : 'mul' 'add' 'sub' 'select'> <InPorts = 0> <OutPorts = 1> <Sync> <CReg>
ST_2 : Operation 39 [2/3] (0.99ns) (grouped into DSP with root node add_ln29_2)   --->   "%p_mid2342 = mul i11 %p_mid2342_v, i11 196" [pipeline/D_Pool.cpp:27]   --->   Operation 39 'mul' 'p_mid2342' <Predicate = (!icmp_ln26)> <Delay = 0.99> <CoreInst = "DSP48">   --->   Core 127 'DSP48' <Latency = 3> <II = 1> <Delay = 0.53> <IPBlock> <Opcode : 'mul' 'add' 'sub' 'select'> <InPorts = 0> <OutPorts = 1> <Sync> <CReg>

State 3 <SV = 2> <Delay = 2.67>
ST_3 : Operation 40 [1/1] (0.00ns)   --->   "%x_load = load i5 %x" [pipeline/D_Pool.cpp:28]   --->   Operation 40 'load' 'x_load' <Predicate = (!icmp_ln26)> <Delay = 0.00>
ST_3 : Operation 41 [1/3] (0.00ns) (grouped into DSP with root node add_ln29_3)   --->   "%p_mid2340 = mul i13 %p_mid2340_v, i13 784" [pipeline/D_Pool.cpp:27]   --->   Operation 41 'mul' 'p_mid2340' <Predicate = (!icmp_ln26)> <Delay = 0.00> <CoreInst = "DSP48">   --->   Core 127 'DSP48' <Latency = 3> <II = 1> <Delay = 0.53> <IPBlock> <Opcode : 'mul' 'add' 'sub' 'select'> <InPorts = 0> <OutPorts = 1> <Sync> <CReg>
ST_3 : Operation 42 [1/3] (0.00ns) (grouped into DSP with root node add_ln29_2)   --->   "%p_mid2342 = mul i11 %p_mid2342_v, i11 196" [pipeline/D_Pool.cpp:27]   --->   Operation 42 'mul' 'p_mid2342' <Predicate = (!icmp_ln26)> <Delay = 0.00> <CoreInst = "DSP48">   --->   Core 127 'DSP48' <Latency = 3> <II = 1> <Delay = 0.53> <IPBlock> <Opcode : 'mul' 'add' 'sub' 'select'> <InPorts = 0> <OutPorts = 1> <Sync> <CReg>
ST_3 : Operation 43 [1/1] (0.00ns) (grouped into LUT with out node icmp_ln28_mid2376)   --->   "%not_exitcond_flatten329 = xor i1 %icmp_ln27, i1 1" [pipeline/D_Pool.cpp:27]   --->   Operation 43 'xor' 'not_exitcond_flatten329' <Predicate = (!icmp_ln26)> <Delay = 0.00> <CoreInst = "LogicGate">   --->   Core 74 'LogicGate' <Latency = 0> <II = 1> <Delay = 0.28> <FuncUnit> <Opcode : 'and' 'or' 'xor'> <InPorts = 2> <OutPorts = 1>
ST_3 : Operation 44 [1/1] (0.75ns)   --->   "%icmp_ln28 = icmp_eq  i5 %x_load, i5 28" [pipeline/D_Pool.cpp:28]   --->   Operation 44 'icmp' 'icmp_ln28' <Predicate = (!icmp_ln26)> <Delay = 0.75> <CoreInst = "Cmp">   --->   Core 9 'Cmp' <Latency = 0> <II = 1> <Delay = 0.75> <FuncUnit> <Opcode : 'icmp'> <InPorts = 2> <OutPorts = 1>
ST_3 : Operation 45 [1/1] (0.28ns) (out node of the LUT)   --->   "%icmp_ln28_mid2376 = and i1 %icmp_ln28, i1 %not_exitcond_flatten329" [pipeline/D_Pool.cpp:28]   --->   Operation 45 'and' 'icmp_ln28_mid2376' <Predicate = (!icmp_ln26)> <Delay = 0.28> <CoreInst = "LogicGate">   --->   Core 74 'LogicGate' <Latency = 0> <II = 1> <Delay = 0.28> <FuncUnit> <Opcode : 'and' 'or' 'xor'> <InPorts = 2> <OutPorts = 1>
ST_3 : Operation 46 [1/1] (0.00ns) (grouped into LUT with out node select_ln27)   --->   "%or_ln27 = or i1 %icmp_ln28_mid2376, i1 %icmp_ln27" [pipeline/D_Pool.cpp:27]   --->   Operation 46 'or' 'or_ln27' <Predicate = (!icmp_ln26)> <Delay = 0.00> <CoreInst = "LogicGate">   --->   Core 74 'LogicGate' <Latency = 0> <II = 1> <Delay = 0.28> <FuncUnit> <Opcode : 'and' 'or' 'xor'> <InPorts = 2> <OutPorts = 1>
ST_3 : Operation 47 [1/1] (0.41ns) (out node of the LUT)   --->   "%select_ln27 = select i1 %or_ln27, i5 0, i5 %x_load" [pipeline/D_Pool.cpp:27]   --->   Operation 47 'select' 'select_ln27' <Predicate = (!icmp_ln26)> <Delay = 0.41> <CoreInst = "Sel">   --->   Core 73 'Sel' <Latency = 0> <II = 1> <Delay = 0.41> <FuncUnit> <Opcode : 'select'> <InPorts = 3> <OutPorts = 1>
ST_3 : Operation 48 [1/1] (0.00ns)   --->   "%x_2_cast = zext i5 %select_ln27" [pipeline/D_Pool.cpp:27]   --->   Operation 48 'zext' 'x_2_cast' <Predicate = (!icmp_ln26)> <Delay = 0.00>
ST_3 : Operation 49 [1/1] (0.00ns)   --->   "%div10_i_udiv = partselect i4 @_ssdm_op_PartSelect.i4.i5.i32.i32, i5 %select_ln27, i32 1, i32 4" [pipeline/D_Pool.cpp:27]   --->   Operation 49 'partselect' 'div10_i_udiv' <Predicate = (!icmp_ln26)> <Delay = 0.00>
ST_3 : Operation 50 [1/1] (0.00ns)   --->   "%zext_ln29_1 = zext i4 %div10_i_udiv" [pipeline/D_Pool.cpp:29]   --->   Operation 50 'zext' 'zext_ln29_1' <Predicate = (!icmp_ln26)> <Delay = 0.00>
ST_3 : Operation 51 [2/2] (0.64ns) (root node of the DSP)   --->   "%add_ln29_2 = add i11 %p_mid2342, i11 %zext_ln29_1" [pipeline/D_Pool.cpp:29]   --->   Operation 51 'add' 'add_ln29_2' <Predicate = (!icmp_ln26)> <Delay = 0.64> <CoreInst = "DSP48">   --->   Core 127 'DSP48' <Latency = 3> <II = 1> <Delay = 0.53> <IPBlock> <Opcode : 'mul' 'add' 'sub' 'select'> <InPorts = 0> <OutPorts = 1> <Sync> <CReg>
ST_3 : Operation 52 [2/2] (0.64ns) (root node of the DSP)   --->   "%add_ln29_3 = add i13 %p_mid2340, i13 %x_2_cast" [pipeline/D_Pool.cpp:29]   --->   Operation 52 'add' 'add_ln29_3' <Predicate = (!icmp_ln26)> <Delay = 0.64> <CoreInst = "DSP48">   --->   Core 127 'DSP48' <Latency = 3> <II = 1> <Delay = 0.53> <IPBlock> <Opcode : 'mul' 'add' 'sub' 'select'> <InPorts = 0> <OutPorts = 1> <Sync> <CReg>
ST_3 : Operation 53 [1/1] (0.78ns)   --->   "%add_ln28 = add i5 %select_ln27, i5 1" [pipeline/D_Pool.cpp:28]   --->   Operation 53 'add' 'add_ln28' <Predicate = (!icmp_ln26)> <Delay = 0.78> <CoreInst = "Adder">   --->   Core 1 'Adder' <Latency = 0> <II = 1> <Delay = 0.78> <FuncUnit> <Opcode : 'add' 'sub'> <InPorts = 2> <OutPorts = 1>
ST_3 : Operation 54 [1/1] (0.42ns)   --->   "%store_ln28 = store i5 %add_ln28, i5 %x" [pipeline/D_Pool.cpp:28]   --->   Operation 54 'store' 'store_ln28' <Predicate = (!icmp_ln26)> <Delay = 0.42>

State 4 <SV = 3> <Delay = 4.00>
ST_4 : Operation 55 [1/1] (0.00ns)   --->   "%y_1 = load i5 %y"   --->   Operation 55 'load' 'y_1' <Predicate = true> <Delay = 0.00>
ST_4 : Operation 56 [1/1] (0.00ns)   --->   "%tmp_s = partselect i4 @_ssdm_op_PartSelect.i4.i5.i32.i32, i5 %y_1, i32 1, i32 4"   --->   Operation 56 'partselect' 'tmp_s' <Predicate = (!icmp_ln27 & !icmp_ln28_mid2376)> <Delay = 0.00>
ST_4 : Operation 57 [1/1] (0.00ns)   --->   "%div_i_udiv = bitconcatenate i5 @_ssdm_op_BitConcatenate.i5.i4.i1, i4 %tmp_s, i1 0"   --->   Operation 57 'bitconcatenate' 'div_i_udiv' <Predicate = (!icmp_ln27 & !icmp_ln28_mid2376)> <Delay = 0.00>
ST_4 : Operation 58 [1/1] (0.00ns)   --->   "%div_i_udiv_cast = zext i5 %div_i_udiv"   --->   Operation 58 'zext' 'div_i_udiv_cast' <Predicate = (!icmp_ln27 & !icmp_ln28_mid2376)> <Delay = 0.00>
ST_4 : Operation 59 [1/1] (0.00ns)   --->   "%p_shl = bitconcatenate i8 @_ssdm_op_BitConcatenate.i8.i4.i4, i4 %tmp_s, i4 0"   --->   Operation 59 'bitconcatenate' 'p_shl' <Predicate = (!icmp_ln27 & !icmp_ln28_mid2376)> <Delay = 0.00>
ST_4 : Operation 60 [1/1] (0.00ns)   --->   "%p_shl23_cast = zext i8 %p_shl"   --->   Operation 60 'zext' 'p_shl23_cast' <Predicate = (!icmp_ln27 & !icmp_ln28_mid2376)> <Delay = 0.00>
ST_4 : Operation 61 [1/1] (0.76ns)   --->   "%mul9_i = sub i9 %p_shl23_cast, i9 %div_i_udiv_cast"   --->   Operation 61 'sub' 'mul9_i' <Predicate = (!icmp_ln27 & !icmp_ln28_mid2376)> <Delay = 0.76> <CoreInst = "Adder">   --->   Core 1 'Adder' <Latency = 0> <II = 1> <Delay = 0.76> <FuncUnit> <Opcode : 'add' 'sub'> <InPorts = 2> <OutPorts = 1>
ST_4 : Operation 62 [1/1] (0.00ns)   --->   "%p_shl9 = bitconcatenate i10 @_ssdm_op_BitConcatenate.i10.i5.i5, i5 %y_1, i5 0"   --->   Operation 62 'bitconcatenate' 'p_shl9' <Predicate = (!icmp_ln27 & !icmp_ln28_mid2376)> <Delay = 0.00>
ST_4 : Operation 63 [1/1] (0.00ns)   --->   "%p_shl21_cast = zext i10 %p_shl9"   --->   Operation 63 'zext' 'p_shl21_cast' <Predicate = (!icmp_ln27 & !icmp_ln28_mid2376)> <Delay = 0.00>
ST_4 : Operation 64 [1/1] (0.00ns)   --->   "%p_shl10 = bitconcatenate i7 @_ssdm_op_BitConcatenate.i7.i5.i2, i5 %y_1, i2 0"   --->   Operation 64 'bitconcatenate' 'p_shl10' <Predicate = (!icmp_ln27 & !icmp_ln28_mid2376)> <Delay = 0.00>
ST_4 : Operation 65 [1/1] (0.00ns)   --->   "%p_shl22_cast = zext i7 %p_shl10"   --->   Operation 65 'zext' 'p_shl22_cast' <Predicate = (!icmp_ln27 & !icmp_ln28_mid2376)> <Delay = 0.00>
ST_4 : Operation 66 [1/1] (0.78ns)   --->   "%empty = sub i11 %p_shl21_cast, i11 %p_shl22_cast"   --->   Operation 66 'sub' 'empty' <Predicate = (!icmp_ln27 & !icmp_ln28_mid2376)> <Delay = 0.78> <CoreInst = "Adder">   --->   Core 1 'Adder' <Latency = 0> <II = 1> <Delay = 0.78> <FuncUnit> <Opcode : 'add' 'sub'> <InPorts = 2> <OutPorts = 1>
ST_4 : Operation 67 [1/1] (0.00ns)   --->   "%specpipeline_ln0 = specpipeline void @_ssdm_op_SpecPipeline, i32 4294967295, i32 0, i32 1, i32 0, void @p_str"   --->   Operation 67 'specpipeline' 'specpipeline_ln0' <Predicate = true> <Delay = 0.00>
ST_4 : Operation 68 [1/1] (0.41ns)   --->   "%y_2_mid2337 = select i1 %icmp_ln27, i5 0, i5 %y_1" [pipeline/D_Pool.cpp:27]   --->   Operation 68 'select' 'y_2_mid2337' <Predicate = (!icmp_ln26)> <Delay = 0.41> <CoreInst = "Sel">   --->   Core 73 'Sel' <Latency = 0> <II = 1> <Delay = 0.41> <FuncUnit> <Opcode : 'select'> <InPorts = 3> <OutPorts = 1>
ST_4 : Operation 69 [1/1] (0.00ns) (grouped into LUT with out node add_ln29)   --->   "%mul9_i_cast_mid2362 = select i1 %icmp_ln27, i9 0, i9 %mul9_i" [pipeline/D_Pool.cpp:27]   --->   Operation 69 'select' 'mul9_i_cast_mid2362' <Predicate = (!icmp_ln26 & !icmp_ln28_mid2376)> <Delay = 0.00> <CoreInst = "Sel">   --->   Core 73 'Sel' <Latency = 0> <II = 1> <Delay = 0.39> <FuncUnit> <Opcode : 'select'> <InPorts = 3> <OutPorts = 1>
ST_4 : Operation 70 [1/1] (0.00ns) (grouped into LUT with out node add_ln29_1)   --->   "%sext_ln28_1_mid2374 = select i1 %icmp_ln27, i11 0, i11 %empty" [pipeline/D_Pool.cpp:27]   --->   Operation 70 'select' 'sext_ln28_1_mid2374' <Predicate = (!icmp_ln26 & !icmp_ln28_mid2376)> <Delay = 0.00> <CoreInst = "Sel">   --->   Core 73 'Sel' <Latency = 0> <II = 1> <Delay = 0.38> <FuncUnit> <Opcode : 'select'> <InPorts = 3> <OutPorts = 1>
ST_4 : Operation 71 [1/1] (0.78ns)   --->   "%add_ln27 = add i5 %y_2_mid2337, i5 1" [pipeline/D_Pool.cpp:27]   --->   Operation 71 'add' 'add_ln27' <Predicate = (!icmp_ln26)> <Delay = 0.78> <CoreInst = "Adder">   --->   Core 1 'Adder' <Latency = 0> <II = 1> <Delay = 0.78> <FuncUnit> <Opcode : 'add' 'sub'> <InPorts = 2> <OutPorts = 1>
ST_4 : Operation 72 [1/1] (0.00ns)   --->   "%tmp_72 = partselect i4 @_ssdm_op_PartSelect.i4.i5.i32.i32, i5 %add_ln27, i32 1, i32 4" [pipeline/D_Pool.cpp:27]   --->   Operation 72 'partselect' 'tmp_72' <Predicate = (!icmp_ln26 & icmp_ln28_mid2376)> <Delay = 0.00>
ST_4 : Operation 73 [1/1] (0.00ns)   --->   "%div_i_udiv_mid1 = bitconcatenate i5 @_ssdm_op_BitConcatenate.i5.i4.i1, i4 %tmp_72, i1 0" [pipeline/D_Pool.cpp:27]   --->   Operation 73 'bitconcatenate' 'div_i_udiv_mid1' <Predicate = (!icmp_ln26 & icmp_ln28_mid2376)> <Delay = 0.00>
ST_4 : Operation 74 [1/1] (0.00ns)   --->   "%div_i_udiv_cast_mid1 = zext i5 %div_i_udiv_mid1" [pipeline/D_Pool.cpp:27]   --->   Operation 74 'zext' 'div_i_udiv_cast_mid1' <Predicate = (!icmp_ln26 & icmp_ln28_mid2376)> <Delay = 0.00>
ST_4 : Operation 75 [1/1] (0.00ns)   --->   "%p_shl23_mid1 = bitconcatenate i8 @_ssdm_op_BitConcatenate.i8.i4.i4, i4 %tmp_72, i4 0" [pipeline/D_Pool.cpp:27]   --->   Operation 75 'bitconcatenate' 'p_shl23_mid1' <Predicate = (!icmp_ln26 & icmp_ln28_mid2376)> <Delay = 0.00>
ST_4 : Operation 76 [1/1] (0.00ns)   --->   "%p_shl23_cast_mid1 = zext i8 %p_shl23_mid1" [pipeline/D_Pool.cpp:27]   --->   Operation 76 'zext' 'p_shl23_cast_mid1' <Predicate = (!icmp_ln26 & icmp_ln28_mid2376)> <Delay = 0.00>
ST_4 : Operation 77 [1/1] (0.76ns)   --->   "%mul9_i_mid1 = sub i9 %p_shl23_cast_mid1, i9 %div_i_udiv_cast_mid1" [pipeline/D_Pool.cpp:27]   --->   Operation 77 'sub' 'mul9_i_mid1' <Predicate = (!icmp_ln26 & icmp_ln28_mid2376)> <Delay = 0.76> <CoreInst = "Adder">   --->   Core 1 'Adder' <Latency = 0> <II = 1> <Delay = 0.76> <FuncUnit> <Opcode : 'add' 'sub'> <InPorts = 2> <OutPorts = 1>
ST_4 : Operation 78 [1/1] (0.00ns) (grouped into LUT with out node add_ln29)   --->   "%select_ln27_1 = select i1 %icmp_ln28_mid2376, i9 %mul9_i_mid1, i9 %mul9_i_cast_mid2362" [pipeline/D_Pool.cpp:27]   --->   Operation 78 'select' 'select_ln27_1' <Predicate = (!icmp_ln26)> <Delay = 0.00> <CoreInst = "Sel">   --->   Core 73 'Sel' <Latency = 0> <II = 1> <Delay = 0.39> <FuncUnit> <Opcode : 'select'> <InPorts = 3> <OutPorts = 1>
ST_4 : Operation 79 [1/1] (0.00ns) (grouped into LUT with out node add_ln29)   --->   "%select_ln27_1_cast = sext i9 %select_ln27_1" [pipeline/D_Pool.cpp:27]   --->   Operation 79 'sext' 'select_ln27_1_cast' <Predicate = (!icmp_ln26)> <Delay = 0.00>
ST_4 : Operation 80 [1/1] (0.00ns)   --->   "%p_shl21_mid1 = bitconcatenate i10 @_ssdm_op_BitConcatenate.i10.i5.i5, i5 %add_ln27, i5 0" [pipeline/D_Pool.cpp:27]   --->   Operation 80 'bitconcatenate' 'p_shl21_mid1' <Predicate = (!icmp_ln26 & icmp_ln28_mid2376)> <Delay = 0.00>
ST_4 : Operation 81 [1/1] (0.00ns)   --->   "%p_shl21_cast_mid1 = zext i10 %p_shl21_mid1" [pipeline/D_Pool.cpp:27]   --->   Operation 81 'zext' 'p_shl21_cast_mid1' <Predicate = (!icmp_ln26 & icmp_ln28_mid2376)> <Delay = 0.00>
ST_4 : Operation 82 [1/1] (0.00ns)   --->   "%p_shl22_mid1 = bitconcatenate i7 @_ssdm_op_BitConcatenate.i7.i5.i2, i5 %add_ln27, i2 0" [pipeline/D_Pool.cpp:27]   --->   Operation 82 'bitconcatenate' 'p_shl22_mid1' <Predicate = (!icmp_ln26 & icmp_ln28_mid2376)> <Delay = 0.00>
ST_4 : Operation 83 [1/1] (0.00ns)   --->   "%p_shl22_cast_mid1 = zext i7 %p_shl22_mid1" [pipeline/D_Pool.cpp:27]   --->   Operation 83 'zext' 'p_shl22_cast_mid1' <Predicate = (!icmp_ln26 & icmp_ln28_mid2376)> <Delay = 0.00>
ST_4 : Operation 84 [1/1] (0.78ns)   --->   "%p_mid1325 = sub i11 %p_shl21_cast_mid1, i11 %p_shl22_cast_mid1" [pipeline/D_Pool.cpp:27]   --->   Operation 84 'sub' 'p_mid1325' <Predicate = (!icmp_ln26 & icmp_ln28_mid2376)> <Delay = 0.78> <CoreInst = "Adder">   --->   Core 1 'Adder' <Latency = 0> <II = 1> <Delay = 0.78> <FuncUnit> <Opcode : 'add' 'sub'> <InPorts = 2> <OutPorts = 1>
ST_4 : Operation 85 [1/1] (0.00ns) (grouped into LUT with out node add_ln29_1)   --->   "%select_ln27_2 = select i1 %icmp_ln28_mid2376, i11 %p_mid1325, i11 %sext_ln28_1_mid2374" [pipeline/D_Pool.cpp:27]   --->   Operation 85 'select' 'select_ln27_2' <Predicate = (!icmp_ln26)> <Delay = 0.00> <CoreInst = "Sel">   --->   Core 73 'Sel' <Latency = 0> <II = 1> <Delay = 0.38> <FuncUnit> <Opcode : 'select'> <InPorts = 3> <OutPorts = 1>
ST_4 : Operation 86 [1/1] (0.00ns) (grouped into LUT with out node add_ln29_1)   --->   "%select_ln27_2_cast = sext i11 %select_ln27_2" [pipeline/D_Pool.cpp:27]   --->   Operation 86 'sext' 'select_ln27_2_cast' <Predicate = (!icmp_ln26)> <Delay = 0.00>
ST_4 : Operation 87 [1/1] (0.41ns)   --->   "%select_ln27_3 = select i1 %icmp_ln28_mid2376, i5 %add_ln27, i5 %y_2_mid2337" [pipeline/D_Pool.cpp:27]   --->   Operation 87 'select' 'select_ln27_3' <Predicate = (!icmp_ln26)> <Delay = 0.41> <CoreInst = "Sel">   --->   Core 73 'Sel' <Latency = 0> <II = 1> <Delay = 0.41> <FuncUnit> <Opcode : 'select'> <InPorts = 3> <OutPorts = 1>
ST_4 : Operation 88 [1/2] (0.64ns) (root node of the DSP)   --->   "%add_ln29_2 = add i11 %p_mid2342, i11 %zext_ln29_1" [pipeline/D_Pool.cpp:29]   --->   Operation 88 'add' 'add_ln29_2' <Predicate = (!icmp_ln26)> <Delay = 0.64> <CoreInst = "DSP48">   --->   Core 127 'DSP48' <Latency = 3> <II = 1> <Delay = 0.53> <IPBlock> <Opcode : 'mul' 'add' 'sub' 'select'> <InPorts = 0> <OutPorts = 1> <Sync> <CReg>
ST_4 : Operation 89 [1/1] (0.79ns) (out node of the LUT)   --->   "%add_ln29 = add i11 %add_ln29_2, i11 %select_ln27_1_cast" [pipeline/D_Pool.cpp:29]   --->   Operation 89 'add' 'add_ln29' <Predicate = (!icmp_ln26)> <Delay = 0.79> <CoreInst = "Adder">   --->   Core 1 'Adder' <Latency = 0> <II = 1> <Delay = 0.79> <FuncUnit> <Opcode : 'add' 'sub'> <InPorts = 2> <OutPorts = 1>
ST_4 : Operation 90 [1/1] (0.00ns)   --->   "%zext_ln29 = zext i11 %add_ln29" [pipeline/D_Pool.cpp:29]   --->   Operation 90 'zext' 'zext_ln29' <Predicate = (!icmp_ln26)> <Delay = 0.00>
ST_4 : Operation 91 [1/1] (0.00ns)   --->   "%conv2_V_addr = getelementptr i16 %conv2_V, i64 0, i64 %zext_ln29" [pipeline/D_Pool.cpp:29]   --->   Operation 91 'getelementptr' 'conv2_V_addr' <Predicate = (!icmp_ln26)> <Delay = 0.00>
ST_4 : Operation 92 [1/2] (0.64ns) (root node of the DSP)   --->   "%add_ln29_3 = add i13 %p_mid2340, i13 %x_2_cast" [pipeline/D_Pool.cpp:29]   --->   Operation 92 'add' 'add_ln29_3' <Predicate = (!icmp_ln26)> <Delay = 0.64> <CoreInst = "DSP48">   --->   Core 127 'DSP48' <Latency = 3> <II = 1> <Delay = 0.53> <IPBlock> <Opcode : 'mul' 'add' 'sub' 'select'> <InPorts = 0> <OutPorts = 1> <Sync> <CReg>
ST_4 : Operation 93 [1/1] (0.82ns) (out node of the LUT)   --->   "%add_ln29_1 = add i13 %add_ln29_3, i13 %select_ln27_2_cast" [pipeline/D_Pool.cpp:29]   --->   Operation 93 'add' 'add_ln29_1' <Predicate = (!icmp_ln26)> <Delay = 0.82> <CoreInst = "Adder">   --->   Core 1 'Adder' <Latency = 0> <II = 1> <Delay = 0.82> <FuncUnit> <Opcode : 'add' 'sub'> <InPorts = 2> <OutPorts = 1>
ST_4 : Operation 94 [2/2] (1.23ns)   --->   "%conv2_V_load = load i11 %conv2_V_addr" [pipeline/D_Pool.cpp:29]   --->   Operation 94 'load' 'conv2_V_load' <Predicate = (!icmp_ln26)> <Delay = 1.23> <CoreInst = "RAM">   --->   Core 83 'RAM' <Latency = 1> <II = 1> <Delay = 1.23> <Storage> <Opcode : 'load' 'store'> <Ports = 2> <Width = 16> <Depth = 1568> <RAM>
ST_4 : Operation 95 [1/1] (0.42ns)   --->   "%store_ln28 = store i5 %select_ln27_3, i5 %y" [pipeline/D_Pool.cpp:28]   --->   Operation 95 'store' 'store_ln28' <Predicate = (!icmp_ln26)> <Delay = 0.42>
ST_4 : Operation 107 [1/1] (0.00ns)   --->   "%ret_ln0 = ret"   --->   Operation 107 'ret' 'ret_ln0' <Predicate = (icmp_ln26)> <Delay = 0.00>

State 5 <SV = 4> <Delay = 2.47>
ST_5 : Operation 96 [1/1] (0.00ns)   --->   "%specloopname_ln0 = specloopname void @_ssdm_op_SpecLoopName, void @VITIS_LOOP_26_1_VITIS_LOOP_27_2_VITIS_LOOP_28_3_str"   --->   Operation 96 'specloopname' 'specloopname_ln0' <Predicate = true> <Delay = 0.00>
ST_5 : Operation 97 [1/1] (0.00ns)   --->   "%empty_516 = speclooptripcount i32 @_ssdm_op_SpecLoopTripCount, i64 6272, i64 6272, i64 6272"   --->   Operation 97 'speclooptripcount' 'empty_516' <Predicate = true> <Delay = 0.00>
ST_5 : Operation 98 [1/1] (0.00ns)   --->   "%specpipeline_ln0 = specpipeline void @_ssdm_op_SpecPipeline, i32 4294967295, i32 0, i32 1, i32 0, void @p_str"   --->   Operation 98 'specpipeline' 'specpipeline_ln0' <Predicate = true> <Delay = 0.00>
ST_5 : Operation 99 [1/1] (0.00ns)   --->   "%specloopname_ln0 = specloopname void @_ssdm_op_SpecLoopName, void @VITIS_LOOP_27_2_VITIS_LOOP_28_3_str"   --->   Operation 99 'specloopname' 'specloopname_ln0' <Predicate = true> <Delay = 0.00>
ST_5 : Operation 100 [1/1] (0.00ns)   --->   "%specpipeline_ln0 = specpipeline void @_ssdm_op_SpecPipeline, i32 4294967295, i32 0, i32 1, i32 0, void @p_str"   --->   Operation 100 'specpipeline' 'specpipeline_ln0' <Predicate = true> <Delay = 0.00>
ST_5 : Operation 101 [1/1] (0.00ns)   --->   "%specloopname_ln28 = specloopname void @_ssdm_op_SpecLoopName, void @empty_24" [pipeline/D_Pool.cpp:28]   --->   Operation 101 'specloopname' 'specloopname_ln28' <Predicate = true> <Delay = 0.00>
ST_5 : Operation 102 [1/1] (0.00ns)   --->   "%zext_ln29_2 = zext i13 %add_ln29_1" [pipeline/D_Pool.cpp:29]   --->   Operation 102 'zext' 'zext_ln29_2' <Predicate = true> <Delay = 0.00>
ST_5 : Operation 103 [1/1] (0.00ns)   --->   "%upsample_V_addr = getelementptr i16 %upsample_V, i64 0, i64 %zext_ln29_2" [pipeline/D_Pool.cpp:29]   --->   Operation 103 'getelementptr' 'upsample_V_addr' <Predicate = true> <Delay = 0.00>
ST_5 : Operation 104 [1/2] (1.23ns)   --->   "%conv2_V_load = load i11 %conv2_V_addr" [pipeline/D_Pool.cpp:29]   --->   Operation 104 'load' 'conv2_V_load' <Predicate = true> <Delay = 1.23> <CoreInst = "RAM">   --->   Core 83 'RAM' <Latency = 1> <II = 1> <Delay = 1.23> <Storage> <Opcode : 'load' 'store'> <Ports = 2> <Width = 16> <Depth = 1568> <RAM>
ST_5 : Operation 105 [1/1] (1.23ns)   --->   "%store_ln29 = store i16 %conv2_V_load, i13 %upsample_V_addr" [pipeline/D_Pool.cpp:29]   --->   Operation 105 'store' 'store_ln29' <Predicate = true> <Delay = 1.23> <CoreInst = "RAM">   --->   Core 83 'RAM' <Latency = 1> <II = 1> <Delay = 1.23> <Storage> <Opcode : 'load' 'store'> <Ports = 2> <Width = 16> <Depth = 6272> <RAM>
ST_5 : Operation 106 [1/1] (0.00ns)   --->   "%br_ln28 = br void %for.inc.i139" [pipeline/D_Pool.cpp:28]   --->   Operation 106 'br' 'br_ln28' <Predicate = true> <Delay = 0.00>


============================================================
+ Verbose Summary: Timing violations
============================================================
Target clock period: 10ns, clock uncertainty: 2.7ns.

 <State 1>: 2.3ns
The critical path consists of the following:
	'alloca' operation ('indvar_flatten327') [5]  (0 ns)
	'load' operation ('indvar_flatten327_load', pipeline/D_Pool.cpp:27) on local variable 'indvar_flatten327' [34]  (0 ns)
	'icmp' operation ('icmp_ln27', pipeline/D_Pool.cpp:27) [38]  (0.912 ns)
	'select' operation ('p_mid2340_v_v', pipeline/D_Pool.cpp:27) [41]  (0.391 ns)
	'mul' operation of DSP[82] ('p_mid2340', pipeline/D_Pool.cpp:27) [43]  (0.996 ns)

 <State 2>: 0.996ns
The critical path consists of the following:
	'mul' operation of DSP[82] ('p_mid2340', pipeline/D_Pool.cpp:27) [43]  (0.996 ns)

 <State 3>: 2.67ns
The critical path consists of the following:
	'load' operation ('x_load', pipeline/D_Pool.cpp:28) on local variable 'x' [33]  (0 ns)
	'icmp' operation ('icmp_ln28', pipeline/D_Pool.cpp:28) [51]  (0.753 ns)
	'and' operation ('icmp_ln28_mid2376', pipeline/D_Pool.cpp:28) [52]  (0.287 ns)
	'or' operation ('or_ln27', pipeline/D_Pool.cpp:27) [55]  (0 ns)
	'select' operation ('select_ln27', pipeline/D_Pool.cpp:27) [56]  (0.414 ns)
	'add' operation ('add_ln28', pipeline/D_Pool.cpp:28) [88]  (0.789 ns)
	'store' operation ('store_ln28', pipeline/D_Pool.cpp:28) of variable 'add_ln28', pipeline/D_Pool.cpp:28 on local variable 'x' [95]  (0.427 ns)

 <State 4>: 4ns
The critical path consists of the following:
	'load' operation ('y') on local variable 'y' [15]  (0 ns)
	'select' operation ('y_2_mid2337', pipeline/D_Pool.cpp:27) [39]  (0.414 ns)
	'add' operation ('add_ln27', pipeline/D_Pool.cpp:27) [53]  (0.789 ns)
	'sub' operation ('mul9_i_mid1', pipeline/D_Pool.cpp:27) [62]  (0.765 ns)
	'select' operation ('select_ln27_1', pipeline/D_Pool.cpp:27) [63]  (0 ns)
	'add' operation ('add_ln29', pipeline/D_Pool.cpp:29) [79]  (0.798 ns)
	'getelementptr' operation ('conv2_V_addr', pipeline/D_Pool.cpp:29) [81]  (0 ns)
	'load' operation ('conv2_V_load', pipeline/D_Pool.cpp:29) on array 'conv2_V' [86]  (1.24 ns)

 <State 5>: 2.47ns
The critical path consists of the following:
	'load' operation ('conv2_V_load', pipeline/D_Pool.cpp:29) on array 'conv2_V' [86]  (1.24 ns)
	'store' operation ('store_ln29', pipeline/D_Pool.cpp:29) of variable 'conv2_V_load', pipeline/D_Pool.cpp:29 on array 'upsample_V' [87]  (1.24 ns)


============================================================
+ Verbose Summary: Binding
============================================================
N/A
* FSMD analyzer results:
  - Output states:
 - Input state : 
  - Chain level:
	State 1
	State 2
	State 3
	State 4
	State 5


============================================================
+ Verbose Summary: Datapath Resource usage 
============================================================
N/A
