Copyright 1986-2022 Xilinx, Inc. All Rights Reserved.
---------------------------------------------------------------------------------------------
| Tool Version : Vivado v.2022.2 (win64) Build 3671981 Fri Oct 14 05:00:03 MDT 2022
| Date         : Tue Apr 21 15:41:04 2026
| Host         : tandatASUS running 64-bit major release  (build 9200)
| Command      : report_control_sets -verbose -file design_1_wrapper_control_sets_placed.rpt
| Design       : design_1_wrapper
| Device       : xck26
---------------------------------------------------------------------------------------------

Control Set Information

Table of Contents
-----------------
1. Summary
2. Histogram
3. Flip-Flop Distribution
4. Detailed Control Set Information

1. Summary
----------

+----------------------------------------------------------+-------+
|                          Status                          | Count |
+----------------------------------------------------------+-------+
| Total control sets                                       |    59 |
|    Minimum number of control sets                        |    59 |
|    Addition due to synthesis replication                 |     0 |
|    Addition due to physical synthesis replication        |     0 |
| Unused register locations in slices containing registers |    78 |
+----------------------------------------------------------+-------+
* Control sets can be merged at opt_design using control_set_merge or merge_equivalent_drivers
** Run report_qor_suggestions for automated merging and remapping suggestions


2. Histogram
------------

+--------------------+-------+
|       Fanout       | Count |
+--------------------+-------+
| Total control sets |    59 |
| >= 0 to < 4        |    10 |
| >= 4 to < 6        |    20 |
| >= 6 to < 8        |     3 |
| >= 8 to < 10       |     1 |
| >= 10 to < 12      |     1 |
| >= 12 to < 14      |     0 |
| >= 14 to < 16      |     0 |
| >= 16              |    24 |
+--------------------+-------+
* Control sets can be remapped at either synth_design or opt_design


3. Flip-Flop Distribution
-------------------------

+--------------+-----------------------+------------------------+-----------------+--------------+
| Clock Enable | Synchronous Set/Reset | Asynchronous Set/Reset | Total Registers | Total Slices |
+--------------+-----------------------+------------------------+-----------------+--------------+
| No           | No                    | No                     |              29 |            8 |
| No           | No                    | Yes                    |               0 |            0 |
| No           | Yes                   | No                     |              30 |           14 |
| Yes          | No                    | No                     |              50 |           10 |
| Yes          | No                    | Yes                    |               0 |            0 |
| Yes          | Yes                   | No                     |             453 |           89 |
+--------------+-----------------------+------------------------+-----------------+--------------+


4. Detailed Control Set Information
-----------------------------------

+--------------------------------------------+-----------------------------------------------------------------------------------------------------------------------------------------------------------------------------------------------------------------+--------------------------------------------------------------------------------------------------------------------------------------------+------------------+----------------+--------------+
|                Clock Signal                |                                                                                                  Enable Signal                                                                                                  |                                                              Set/Reset Signal                                                              | Slice Load Count | Bel Load Count | Bels / Slice |
+--------------------------------------------+-----------------------------------------------------------------------------------------------------------------------------------------------------------------------------------------------------------------+--------------------------------------------------------------------------------------------------------------------------------------------+------------------+----------------+--------------+
|  design_1_i/zynq_ultra_ps_e_0/inst/pl_clk0 | design_1_i/axi_interconnect_ctrl/xbar/inst/gen_samd.crossbar_samd/gen_master_slots[2].reg_slice_mi/r.r_pipe/p_1_in_0                                                                                            | design_1_i/axi_interconnect_ctrl/xbar/inst/gen_samd.crossbar_samd/gen_master_slots[2].reg_slice_mi/r.r_pipe/m_payload_i[31]_i_1__1_n_0     |                1 |              1 |         1.00 |
|  design_1_i/zynq_ultra_ps_e_0/inst/pl_clk0 | design_1_i/axi_interconnect_ctrl/xbar/inst/gen_samd.crossbar_samd/gen_slave_slots[0].gen_si_write.wdata_router_w/wrouter_aw_fifo/gen_srls[0].gen_rep[1].srl_nx1/push                                            |                                                                                                                                            |                1 |              1 |         1.00 |
|  design_1_i/zynq_ultra_ps_e_0/inst/pl_clk0 |                                                                                                                                                                                                                 | design_1_i/proc_sys_reset_0/U0/peripheral_aresetn[0]                                                                                       |                1 |              2 |         2.00 |
|  design_1_i/zynq_ultra_ps_e_0/inst/pl_clk0 |                                                                                                                                                                                                                 | design_1_i/axi_interconnect_ctrl/xbar/inst/gen_samd.crossbar_samd/gen_slave_slots[0].gen_si_write.splitter_aw_si/m_ready_d[1]_i_1_n_0      |                2 |              2 |         1.00 |
|  design_1_i/zynq_ultra_ps_e_0/inst/pl_clk0 | design_1_i/axi_interconnect_ctrl/xbar/inst/gen_samd.crossbar_samd/gen_slave_slots[0].gen_si_read.si_transactor_ar/gen_multi_thread.arbiter_resp_inst/last_rr_hot                                                | design_1_i/axi_interconnect_ctrl/xbar/inst/gen_samd.crossbar_samd/aresetn_d                                                                |                1 |              3 |         3.00 |
|  design_1_i/zynq_ultra_ps_e_0/inst/pl_clk0 | design_1_i/axi_interconnect_ctrl/xbar/inst/gen_samd.crossbar_samd/gen_slave_slots[0].gen_si_read.si_transactor_ar/gen_multi_thread.arbiter_resp_inst/need_arbitration                                           | design_1_i/axi_interconnect_ctrl/xbar/inst/gen_samd.crossbar_samd/aresetn_d                                                                |                1 |              3 |         3.00 |
|  design_1_i/zynq_ultra_ps_e_0/inst/pl_clk0 | design_1_i/axi_interconnect_ctrl/xbar/inst/gen_samd.crossbar_samd/gen_slave_slots[0].gen_si_write.si_transactor_aw/gen_multi_thread.arbiter_resp_inst/last_rr_hot                                               | design_1_i/axi_interconnect_ctrl/xbar/inst/gen_samd.crossbar_samd/aresetn_d                                                                |                1 |              3 |         3.00 |
|  design_1_i/zynq_ultra_ps_e_0/inst/pl_clk0 | design_1_i/axi_interconnect_ctrl/xbar/inst/gen_samd.crossbar_samd/gen_slave_slots[0].gen_si_write.si_transactor_aw/gen_multi_thread.arbiter_resp_inst/need_arbitration                                          | design_1_i/axi_interconnect_ctrl/xbar/inst/gen_samd.crossbar_samd/aresetn_d                                                                |                1 |              3 |         3.00 |
|  design_1_i/zynq_ultra_ps_e_0/inst/pl_clk0 | design_1_i/axi_interconnect_ctrl/xbar/inst/gen_samd.crossbar_samd/gen_decerr_slave.decerr_slave_inst/FSM_onehot_gen_axi.write_cs[2]_i_1_n_0                                                                     | design_1_i/axi_interconnect_ctrl/xbar/inst/gen_samd.crossbar_samd/aresetn_d                                                                |                1 |              3 |         3.00 |
|  design_1_i/zynq_ultra_ps_e_0/inst/pl_clk0 | design_1_i/axi_interconnect_ctrl/xbar/inst/gen_samd.crossbar_samd/gen_slave_slots[0].gen_si_write.wdata_router_w/wrouter_aw_fifo/gen_rep[0].fifoaddr[2]_i_1_n_0                                                 | design_1_i/axi_interconnect_ctrl/xbar/inst/gen_samd.crossbar_samd/aresetn_d                                                                |                1 |              3 |         3.00 |
|  design_1_i/zynq_ultra_ps_e_0/inst/pl_clk0 | design_1_i/axi_interconnect_ctrl/xbar/inst/gen_samd.crossbar_samd/gen_slave_slots[0].gen_si_write.si_transactor_aw/gen_multi_thread.arbiter_resp_inst/gen_multi_thread.gen_thread_loop[5].active_cnt_reg[43][0] | design_1_i/axi_interconnect_ctrl/xbar/inst/gen_samd.crossbar_samd/aresetn_d                                                                |                2 |              4 |         2.00 |
|  design_1_i/zynq_ultra_ps_e_0/inst/pl_clk0 |                                                                                                                                                                                                                 | design_1_i/proc_sys_reset_0/U0/EXT_LPF/lpf_int                                                                                             |                2 |              4 |         2.00 |
|  design_1_i/zynq_ultra_ps_e_0/inst/pl_clk0 | design_1_i/axi_interconnect_ctrl/xbar/inst/gen_samd.crossbar_samd/gen_slave_slots[0].gen_si_read.si_transactor_ar/gen_multi_thread.arbiter_resp_inst/gen_no_arbiter.s_ready_i_reg[0]_6[0]                       | design_1_i/axi_interconnect_ctrl/xbar/inst/gen_samd.crossbar_samd/aresetn_d                                                                |                2 |              4 |         2.00 |
|  design_1_i/zynq_ultra_ps_e_0/inst/pl_clk0 | design_1_i/axi_interconnect_ctrl/xbar/inst/gen_samd.crossbar_samd/gen_slave_slots[0].gen_si_read.si_transactor_ar/gen_multi_thread.arbiter_resp_inst/gen_no_arbiter.s_ready_i_reg[0]_1[0]                       | design_1_i/axi_interconnect_ctrl/xbar/inst/gen_samd.crossbar_samd/aresetn_d                                                                |                1 |              4 |         4.00 |
|  design_1_i/zynq_ultra_ps_e_0/inst/pl_clk0 | design_1_i/axi_interconnect_ctrl/xbar/inst/gen_samd.crossbar_samd/gen_slave_slots[0].gen_si_write.wdata_router_w/wrouter_aw_fifo/m_valid_i                                                                      | design_1_i/axi_interconnect_ctrl/xbar/inst/gen_samd.crossbar_samd/gen_slave_slots[0].gen_si_write.wdata_router_w/wrouter_aw_fifo/areset_d1 |                1 |              4 |         4.00 |
|  design_1_i/zynq_ultra_ps_e_0/inst/pl_clk0 | design_1_i/axi_interconnect_ctrl/xbar/inst/gen_samd.crossbar_samd/gen_slave_slots[0].gen_si_write.si_transactor_aw/gen_multi_thread.arbiter_resp_inst/gen_multi_thread.gen_thread_loop[6].active_cnt_reg[51][0] | design_1_i/axi_interconnect_ctrl/xbar/inst/gen_samd.crossbar_samd/aresetn_d                                                                |                1 |              4 |         4.00 |
|  design_1_i/zynq_ultra_ps_e_0/inst/pl_clk0 | design_1_i/axi_interconnect_ctrl/xbar/inst/gen_samd.crossbar_samd/gen_slave_slots[0].gen_si_write.si_transactor_aw/gen_multi_thread.arbiter_resp_inst/gen_multi_thread.gen_thread_loop[7].active_cnt_reg[59][0] | design_1_i/axi_interconnect_ctrl/xbar/inst/gen_samd.crossbar_samd/aresetn_d                                                                |                1 |              4 |         4.00 |
|  design_1_i/zynq_ultra_ps_e_0/inst/pl_clk0 | design_1_i/axi_interconnect_ctrl/xbar/inst/gen_samd.crossbar_samd/gen_slave_slots[0].gen_si_read.si_transactor_ar/gen_multi_thread.arbiter_resp_inst/gen_no_arbiter.s_ready_i_reg[0]_0[0]                       | design_1_i/axi_interconnect_ctrl/xbar/inst/gen_samd.crossbar_samd/aresetn_d                                                                |                1 |              4 |         4.00 |
|  design_1_i/zynq_ultra_ps_e_0/inst/pl_clk0 | design_1_i/axi_interconnect_ctrl/xbar/inst/gen_samd.crossbar_samd/gen_slave_slots[0].gen_si_write.si_transactor_aw/gen_multi_thread.arbiter_resp_inst/gen_multi_thread.accept_cnt_reg[1]_0[0]                   | design_1_i/axi_interconnect_ctrl/xbar/inst/gen_samd.crossbar_samd/aresetn_d                                                                |                1 |              4 |         4.00 |
|  design_1_i/zynq_ultra_ps_e_0/inst/pl_clk0 | design_1_i/axi_interconnect_ctrl/xbar/inst/gen_samd.crossbar_samd/gen_slave_slots[0].gen_si_write.si_transactor_aw/gen_multi_thread.arbiter_resp_inst/gen_multi_thread.gen_thread_loop[1].active_cnt_reg[11][0] | design_1_i/axi_interconnect_ctrl/xbar/inst/gen_samd.crossbar_samd/aresetn_d                                                                |                1 |              4 |         4.00 |
|  design_1_i/zynq_ultra_ps_e_0/inst/pl_clk0 | design_1_i/axi_interconnect_ctrl/xbar/inst/gen_samd.crossbar_samd/gen_slave_slots[0].gen_si_write.si_transactor_aw/gen_multi_thread.arbiter_resp_inst/gen_multi_thread.gen_thread_loop[0].active_cnt_reg[3][0]  | design_1_i/axi_interconnect_ctrl/xbar/inst/gen_samd.crossbar_samd/aresetn_d                                                                |                1 |              4 |         4.00 |
|  design_1_i/zynq_ultra_ps_e_0/inst/pl_clk0 | design_1_i/axi_interconnect_ctrl/xbar/inst/gen_samd.crossbar_samd/gen_slave_slots[0].gen_si_write.si_transactor_aw/gen_multi_thread.arbiter_resp_inst/gen_multi_thread.gen_thread_loop[2].active_cnt_reg[19][0] | design_1_i/axi_interconnect_ctrl/xbar/inst/gen_samd.crossbar_samd/aresetn_d                                                                |                1 |              4 |         4.00 |
|  design_1_i/zynq_ultra_ps_e_0/inst/pl_clk0 | design_1_i/axi_interconnect_ctrl/xbar/inst/gen_samd.crossbar_samd/gen_slave_slots[0].gen_si_write.si_transactor_aw/gen_multi_thread.arbiter_resp_inst/gen_multi_thread.gen_thread_loop[3].active_cnt_reg[27][0] | design_1_i/axi_interconnect_ctrl/xbar/inst/gen_samd.crossbar_samd/aresetn_d                                                                |                2 |              4 |         2.00 |
|  design_1_i/zynq_ultra_ps_e_0/inst/pl_clk0 | design_1_i/axi_interconnect_ctrl/xbar/inst/gen_samd.crossbar_samd/gen_slave_slots[0].gen_si_write.si_transactor_aw/gen_multi_thread.arbiter_resp_inst/gen_multi_thread.gen_thread_loop[4].active_cnt_reg[35][0] | design_1_i/axi_interconnect_ctrl/xbar/inst/gen_samd.crossbar_samd/aresetn_d                                                                |                2 |              4 |         2.00 |
|  design_1_i/zynq_ultra_ps_e_0/inst/pl_clk0 | design_1_i/axi_interconnect_ctrl/xbar/inst/gen_samd.crossbar_samd/gen_slave_slots[0].gen_si_read.si_transactor_ar/gen_multi_thread.arbiter_resp_inst/E[0]                                                       | design_1_i/axi_interconnect_ctrl/xbar/inst/gen_samd.crossbar_samd/aresetn_d                                                                |                1 |              4 |         4.00 |
|  design_1_i/zynq_ultra_ps_e_0/inst/pl_clk0 | design_1_i/axi_interconnect_ctrl/xbar/inst/gen_samd.crossbar_samd/gen_slave_slots[0].gen_si_read.si_transactor_ar/gen_multi_thread.arbiter_resp_inst/gen_no_arbiter.s_ready_i_reg[0][0]                         | design_1_i/axi_interconnect_ctrl/xbar/inst/gen_samd.crossbar_samd/aresetn_d                                                                |                1 |              4 |         4.00 |
|  design_1_i/zynq_ultra_ps_e_0/inst/pl_clk0 | design_1_i/axi_interconnect_ctrl/xbar/inst/gen_samd.crossbar_samd/gen_slave_slots[0].gen_si_read.si_transactor_ar/gen_multi_thread.arbiter_resp_inst/gen_no_arbiter.s_ready_i_reg[0]_2[0]                       | design_1_i/axi_interconnect_ctrl/xbar/inst/gen_samd.crossbar_samd/aresetn_d                                                                |                2 |              4 |         2.00 |
|  design_1_i/zynq_ultra_ps_e_0/inst/pl_clk0 | design_1_i/axi_interconnect_ctrl/xbar/inst/gen_samd.crossbar_samd/gen_slave_slots[0].gen_si_read.si_transactor_ar/gen_multi_thread.arbiter_resp_inst/gen_no_arbiter.s_ready_i_reg[0]_5[0]                       | design_1_i/axi_interconnect_ctrl/xbar/inst/gen_samd.crossbar_samd/aresetn_d                                                                |                1 |              4 |         4.00 |
|  design_1_i/zynq_ultra_ps_e_0/inst/pl_clk0 | design_1_i/axi_interconnect_ctrl/xbar/inst/gen_samd.crossbar_samd/gen_slave_slots[0].gen_si_read.si_transactor_ar/gen_multi_thread.arbiter_resp_inst/gen_no_arbiter.s_ready_i_reg[0]_4[0]                       | design_1_i/axi_interconnect_ctrl/xbar/inst/gen_samd.crossbar_samd/aresetn_d                                                                |                1 |              4 |         4.00 |
|  design_1_i/zynq_ultra_ps_e_0/inst/pl_clk0 | design_1_i/axi_interconnect_ctrl/xbar/inst/gen_samd.crossbar_samd/gen_slave_slots[0].gen_si_read.si_transactor_ar/gen_multi_thread.arbiter_resp_inst/gen_no_arbiter.s_ready_i_reg[0]_3[0]                       | design_1_i/axi_interconnect_ctrl/xbar/inst/gen_samd.crossbar_samd/aresetn_d                                                                |                1 |              4 |         4.00 |
|  design_1_i/zynq_ultra_ps_e_0/inst/pl_clk0 |                                                                                                                                                                                                                 | design_1_i/axi_interconnect_ctrl/xbar/inst/gen_samd.crossbar_samd/gen_master_slots[1].reg_slice_mi/b.b_pipe/aresetn_d_reg_n_0_[0]          |                2 |              6 |         3.00 |
|  design_1_i/zynq_ultra_ps_e_0/inst/pl_clk0 |                                                                                                                                                                                                                 | design_1_i/axi_interconnect_ctrl/xbar/inst/gen_samd.crossbar_samd/gen_master_slots[1].reg_slice_mi/b.b_pipe/aresetn_d_reg[1]_0             |                2 |              6 |         3.00 |
|  design_1_i/zynq_ultra_ps_e_0/inst/pl_clk0 | design_1_i/proc_sys_reset_0/U0/SEQ/seq_cnt_en                                                                                                                                                                   | design_1_i/proc_sys_reset_0/U0/SEQ/seq_clr                                                                                                 |                1 |              6 |         6.00 |
|  design_1_i/zynq_ultra_ps_e_0/inst/pl_clk0 | design_1_i/axi_interconnect_ctrl/xbar/inst/gen_samd.crossbar_samd/gen_decerr_slave.decerr_slave_inst/gen_axi.read_cnt[7]_i_1_n_0                                                                                | design_1_i/axi_interconnect_ctrl/xbar/inst/gen_samd.crossbar_samd/aresetn_d                                                                |                2 |              8 |         4.00 |
|  design_1_i/zynq_ultra_ps_e_0/inst/pl_clk0 |                                                                                                                                                                                                                 | design_1_i/axi_interconnect_ctrl/xbar/inst/gen_samd.crossbar_samd/aresetn_d                                                                |                7 |             10 |         1.43 |
|  design_1_i/zynq_ultra_ps_e_0/inst/pl_clk0 | design_1_i/axi_interconnect_ctrl/xbar/inst/gen_samd.crossbar_samd/addr_arbiter_aw/p_1_in                                                                                                                        | design_1_i/axi_interconnect_ctrl/xbar/inst/gen_samd.crossbar_samd/aresetn_d                                                                |                7 |             16 |         2.29 |
|  design_1_i/zynq_ultra_ps_e_0/inst/pl_clk0 | design_1_i/axi_interconnect_ctrl/xbar/inst/gen_samd.crossbar_samd/gen_decerr_slave.decerr_slave_inst/gen_axi.s_axi_rid_i[15]_i_1_n_0                                                                            | design_1_i/axi_interconnect_ctrl/xbar/inst/gen_samd.crossbar_samd/aresetn_d                                                                |               10 |             16 |         1.60 |
|  design_1_i/zynq_ultra_ps_e_0/inst/pl_clk0 | design_1_i/axi_interconnect_ctrl/xbar/inst/gen_samd.crossbar_samd/gen_decerr_slave.decerr_slave_inst/gen_axi.s_axi_bid_i[15]_i_1_n_0                                                                            | design_1_i/axi_interconnect_ctrl/xbar/inst/gen_samd.crossbar_samd/aresetn_d                                                                |                6 |             16 |         2.67 |
|  design_1_i/zynq_ultra_ps_e_0/inst/pl_clk0 | design_1_i/axi_interconnect_ctrl/xbar/inst/gen_samd.crossbar_samd/gen_master_slots[2].reg_slice_mi/b.b_pipe/E[0]                                                                                                |                                                                                                                                            |                4 |             16 |         4.00 |
|  design_1_i/zynq_ultra_ps_e_0/inst/pl_clk0 | design_1_i/axi_interconnect_ctrl/xbar/inst/gen_samd.crossbar_samd/gen_master_slots[2].reg_slice_mi/r.r_pipe/p_1_in_0                                                                                            |                                                                                                                                            |                5 |             17 |         3.40 |
|  design_1_i/zynq_ultra_ps_e_0/inst/pl_clk0 | design_1_i/axi_interconnect_ctrl/xbar/inst/gen_samd.crossbar_samd/gen_slave_slots[0].gen_si_read.si_transactor_ar/gen_multi_thread.cmd_push_6                                                                   | design_1_i/axi_interconnect_ctrl/xbar/inst/gen_samd.crossbar_samd/aresetn_d                                                                |                6 |             17 |         2.83 |
|  design_1_i/zynq_ultra_ps_e_0/inst/pl_clk0 | design_1_i/axi_interconnect_ctrl/xbar/inst/gen_samd.crossbar_samd/gen_slave_slots[0].gen_si_read.si_transactor_ar/gen_multi_thread.cmd_push_2                                                                   | design_1_i/axi_interconnect_ctrl/xbar/inst/gen_samd.crossbar_samd/aresetn_d                                                                |                4 |             17 |         4.25 |
|  design_1_i/zynq_ultra_ps_e_0/inst/pl_clk0 | design_1_i/axi_interconnect_ctrl/xbar/inst/gen_samd.crossbar_samd/gen_slave_slots[0].gen_si_read.si_transactor_ar/gen_multi_thread.cmd_push_4                                                                   | design_1_i/axi_interconnect_ctrl/xbar/inst/gen_samd.crossbar_samd/aresetn_d                                                                |                5 |             17 |         3.40 |
|  design_1_i/zynq_ultra_ps_e_0/inst/pl_clk0 | design_1_i/axi_interconnect_ctrl/xbar/inst/gen_samd.crossbar_samd/gen_slave_slots[0].gen_si_read.si_transactor_ar/gen_multi_thread.cmd_push_1                                                                   | design_1_i/axi_interconnect_ctrl/xbar/inst/gen_samd.crossbar_samd/aresetn_d                                                                |                5 |             17 |         3.40 |
|  design_1_i/zynq_ultra_ps_e_0/inst/pl_clk0 | design_1_i/axi_interconnect_ctrl/xbar/inst/gen_samd.crossbar_samd/gen_master_slots[2].reg_slice_mi/r.r_pipe/s_ready_i_reg_0                                                                                     |                                                                                                                                            |                5 |             17 |         3.40 |
|  design_1_i/zynq_ultra_ps_e_0/inst/pl_clk0 | design_1_i/axi_interconnect_ctrl/xbar/inst/gen_samd.crossbar_samd/gen_slave_slots[0].gen_si_read.si_transactor_ar/gen_multi_thread.cmd_push_7                                                                   | design_1_i/axi_interconnect_ctrl/xbar/inst/gen_samd.crossbar_samd/aresetn_d                                                                |                5 |             17 |         3.40 |
|  design_1_i/zynq_ultra_ps_e_0/inst/pl_clk0 | design_1_i/axi_interconnect_ctrl/xbar/inst/gen_samd.crossbar_samd/gen_slave_slots[0].gen_si_read.si_transactor_ar/gen_multi_thread.cmd_push_3                                                                   | design_1_i/axi_interconnect_ctrl/xbar/inst/gen_samd.crossbar_samd/aresetn_d                                                                |                5 |             17 |         3.40 |
|  design_1_i/zynq_ultra_ps_e_0/inst/pl_clk0 | design_1_i/axi_interconnect_ctrl/xbar/inst/gen_samd.crossbar_samd/gen_slave_slots[0].gen_si_read.si_transactor_ar/gen_multi_thread.cmd_push_5                                                                   | design_1_i/axi_interconnect_ctrl/xbar/inst/gen_samd.crossbar_samd/aresetn_d                                                                |                7 |             17 |         2.43 |
|  design_1_i/zynq_ultra_ps_e_0/inst/pl_clk0 | design_1_i/axi_interconnect_ctrl/xbar/inst/gen_samd.crossbar_samd/gen_slave_slots[0].gen_si_write.si_transactor_aw/gen_multi_thread.cmd_push_6                                                                  | design_1_i/axi_interconnect_ctrl/xbar/inst/gen_samd.crossbar_samd/aresetn_d                                                                |                5 |             17 |         3.40 |
|  design_1_i/zynq_ultra_ps_e_0/inst/pl_clk0 | design_1_i/axi_interconnect_ctrl/xbar/inst/gen_samd.crossbar_samd/gen_slave_slots[0].gen_si_write.si_transactor_aw/gen_multi_thread.cmd_push_2                                                                  | design_1_i/axi_interconnect_ctrl/xbar/inst/gen_samd.crossbar_samd/aresetn_d                                                                |                6 |             17 |         2.83 |
|  design_1_i/zynq_ultra_ps_e_0/inst/pl_clk0 | design_1_i/axi_interconnect_ctrl/xbar/inst/gen_samd.crossbar_samd/gen_slave_slots[0].gen_si_write.si_transactor_aw/gen_multi_thread.cmd_push_5                                                                  | design_1_i/axi_interconnect_ctrl/xbar/inst/gen_samd.crossbar_samd/aresetn_d                                                                |                7 |             17 |         2.43 |
|  design_1_i/zynq_ultra_ps_e_0/inst/pl_clk0 | design_1_i/axi_interconnect_ctrl/xbar/inst/gen_samd.crossbar_samd/gen_slave_slots[0].gen_si_write.si_transactor_aw/gen_multi_thread.cmd_push_7                                                                  | design_1_i/axi_interconnect_ctrl/xbar/inst/gen_samd.crossbar_samd/aresetn_d                                                                |                4 |             17 |         4.25 |
|  design_1_i/zynq_ultra_ps_e_0/inst/pl_clk0 | design_1_i/axi_interconnect_ctrl/xbar/inst/gen_samd.crossbar_samd/gen_slave_slots[0].gen_si_write.si_transactor_aw/gen_multi_thread.cmd_push_3                                                                  | design_1_i/axi_interconnect_ctrl/xbar/inst/gen_samd.crossbar_samd/aresetn_d                                                                |                4 |             17 |         4.25 |
|  design_1_i/zynq_ultra_ps_e_0/inst/pl_clk0 | design_1_i/axi_interconnect_ctrl/xbar/inst/gen_samd.crossbar_samd/gen_slave_slots[0].gen_si_write.si_transactor_aw/gen_multi_thread.cmd_push_4                                                                  | design_1_i/axi_interconnect_ctrl/xbar/inst/gen_samd.crossbar_samd/aresetn_d                                                                |                7 |             17 |         2.43 |
|  design_1_i/zynq_ultra_ps_e_0/inst/pl_clk0 | design_1_i/axi_interconnect_ctrl/xbar/inst/gen_samd.crossbar_samd/gen_slave_slots[0].gen_si_write.si_transactor_aw/gen_multi_thread.cmd_push_1                                                                  | design_1_i/axi_interconnect_ctrl/xbar/inst/gen_samd.crossbar_samd/aresetn_d                                                                |                4 |             17 |         4.25 |
|  design_1_i/zynq_ultra_ps_e_0/inst/pl_clk0 | design_1_i/axi_interconnect_ctrl/xbar/inst/gen_samd.crossbar_samd/gen_slave_slots[0].gen_si_write.si_transactor_aw/gen_multi_thread.cmd_push_0                                                                  | design_1_i/axi_interconnect_ctrl/xbar/inst/gen_samd.crossbar_samd/aresetn_d                                                                |                4 |             17 |         4.25 |
|  design_1_i/zynq_ultra_ps_e_0/inst/pl_clk0 | design_1_i/axi_interconnect_ctrl/xbar/inst/gen_samd.crossbar_samd/gen_slave_slots[0].gen_si_read.si_transactor_ar/gen_multi_thread.cmd_push_0                                                                   | design_1_i/axi_interconnect_ctrl/xbar/inst/gen_samd.crossbar_samd/aresetn_d                                                                |                3 |             17 |         5.67 |
|  design_1_i/zynq_ultra_ps_e_0/inst/pl_clk0 | design_1_i/axi_interconnect_ctrl/xbar/inst/gen_samd.crossbar_samd/addr_arbiter_ar/p_1_in                                                                                                                        | design_1_i/axi_interconnect_ctrl/xbar/inst/gen_samd.crossbar_samd/aresetn_d                                                                |               12 |             24 |         2.00 |
|  design_1_i/zynq_ultra_ps_e_0/inst/pl_clk0 |                                                                                                                                                                                                                 |                                                                                                                                            |                8 |             30 |         3.75 |
+--------------------------------------------+-----------------------------------------------------------------------------------------------------------------------------------------------------------------------------------------------------------------+--------------------------------------------------------------------------------------------------------------------------------------------+------------------+----------------+--------------+


